Archive member included because of file (symbol)

/usr/local/toolchain/i686-arago-linux/usr/bin/../lib/gcc/arm-linux-gnueabihf/4.7.3/libgcc.a(_udivsi3.o)
                              arch/arm/cpu/armv7/omap-common/libomap-common.o (__aeabi_uidiv)
/usr/local/toolchain/i686-arago-linux/usr/bin/../lib/gcc/arm-linux-gnueabihf/4.7.3/libgcc.a(_divsi3.o)
                              drivers/i2c/libi2c.o (__aeabi_idiv)
/usr/local/toolchain/i686-arago-linux/usr/bin/../lib/gcc/arm-linux-gnueabihf/4.7.3/libgcc.a(_lshrdi3.o)
                              drivers/mtd/nand/libnand.o (__aeabi_llsr)
/usr/local/toolchain/i686-arago-linux/usr/bin/../lib/gcc/arm-linux-gnueabihf/4.7.3/libgcc.a(_ashrdi3.o)
                              drivers/mtd/nand/libnand.o (__aeabi_lasr)
/usr/local/toolchain/i686-arago-linux/usr/bin/../lib/gcc/arm-linux-gnueabihf/4.7.3/libgcc.a(_ashldi3.o)
                              drivers/mmc/libmmc.o (__aeabi_llsl)
/usr/local/toolchain/i686-arago-linux/usr/bin/../lib/gcc/arm-linux-gnueabihf/4.7.3/libgcc.a(_dvmd_lnx.o)
                              /usr/local/toolchain/i686-arago-linux/usr/bin/../lib/gcc/arm-linux-gnueabihf/4.7.3/libgcc.a(_udivsi3.o) (__aeabi_idiv0)

Discarded input sections

 .data          0x00000000        0x0 arch/arm/cpu/armv7/start.o
 .bss           0x00000000        0x0 arch/arm/cpu/armv7/start.o
 .text          0x00000000        0x0 arch/arm/cpu/armv7/am33xx/libam33xx.o
 .text.get_cpu_rev
                0x00000000       0x14 arch/arm/cpu/armv7/am33xx/libam33xx.o
 .text.get_cpu_type
                0x00000000       0x14 arch/arm/cpu/armv7/am33xx/libam33xx.o
 .text.get_board_rev
                0x00000000        0x8 arch/arm/cpu/armv7/am33xx/libam33xx.o
 .text.get_device_type
                0x00000000       0x18 arch/arm/cpu/armv7/am33xx/libam33xx.o
 .text.get_sysboot_value
                0x00000000       0x18 arch/arm/cpu/armv7/am33xx/libam33xx.o
 .text.dram_init
                0x00000000       0x20 arch/arm/cpu/armv7/am33xx/libam33xx.o
 .text.dram_init_banksize
                0x00000000       0x1c arch/arm/cpu/armv7/am33xx/libam33xx.o
 .text.setup_clocks_for_console
                0x00000000        0x4 arch/arm/cpu/armv7/am33xx/libam33xx.o
 .text.arch_misc_init
                0x00000000        0x8 arch/arm/cpu/armv7/am33xx/libam33xx.o
 .rodata.gpio_bank_am33xx
                0x00000000       0x20 arch/arm/cpu/armv7/am33xx/libam33xx.o
 .rodata.omap_gpio_bank
                0x00000000        0x4 arch/arm/cpu/armv7/am33xx/libam33xx.o
 .data          0x00000000        0x0 arch/arm/cpu/armv7/am33xx/libam33xx.o
 .bss           0x00000000        0x0 arch/arm/cpu/armv7/am33xx/libam33xx.o
 .text.v7_maint_dcache_all
                0x00000000       0xd0 arch/arm/cpu/armv7/libarmv7.o
 .text.invalidate_icache_all
                0x00000000       0x18 arch/arm/cpu/armv7/libarmv7.o
 .text.__v7_outer_cache_enable
                0x00000000        0x4 arch/arm/cpu/armv7/libarmv7.o
 .text.__v7_outer_cache_disable
                0x00000000        0x4 arch/arm/cpu/armv7/libarmv7.o
 .text.__v7_outer_cache_flush_all
                0x00000000        0x4 arch/arm/cpu/armv7/libarmv7.o
 .text.flush_dcache_all
                0x00000000       0x14 arch/arm/cpu/armv7/libarmv7.o
 .text.__v7_outer_cache_inval_all
                0x00000000        0x4 arch/arm/cpu/armv7/libarmv7.o
 .text.invalidate_dcache_all
                0x00000000       0x14 arch/arm/cpu/armv7/libarmv7.o
 .text.arm_init_before_mmu
                0x00000000       0x28 arch/arm/cpu/armv7/libarmv7.o
 .text.flush_cache
                0x00000000        0x8 arch/arm/cpu/armv7/libarmv7.o
 .text.mmu_page_table_flush
                0x00000000       0x24 arch/arm/cpu/armv7/libarmv7.o
 .text.cpu_cache_initialization
                0x00000000        0x4 arch/arm/cpu/armv7/libarmv7.o
 .text.cleanup_before_linux
                0x00000000       0x24 arch/arm/cpu/armv7/libarmv7.o
 .text.sr32     0x00000000       0x24 arch/arm/cpu/armv7/libarmv7.o
 .text.wait_on_value
                0x00000000       0x34 arch/arm/cpu/armv7/libarmv7.o
 .data          0x00000000        0x0 arch/arm/cpu/armv7/libarmv7.o
 .bss           0x00000000        0x0 arch/arm/cpu/armv7/libarmv7.o
 .text.reset_cpu
                0x00000000       0x14 arch/arm/cpu/armv7/omap-common/libomap-common.o
 .text.warm_reset
                0x00000000       0x18 arch/arm/cpu/armv7/omap-common/libomap-common.o
 .text.get_ticks
                0x00000000       0x10 arch/arm/cpu/armv7/omap-common/libomap-common.o
 .text.get_tbclk
                0x00000000        0x8 arch/arm/cpu/armv7/omap-common/libomap-common.o
 .text.do_cancel_out
                0x00000000       0x64 arch/arm/cpu/armv7/omap-common/libomap-common.o
 .text.cancel_out
                0x00000000       0xa8 arch/arm/cpu/armv7/omap-common/libomap-common.o
 .bss           0x00000000        0x0 arch/arm/cpu/armv7/omap-common/libomap-common.o
 .text.interrupt_init
[...]
Memory Configuration

Name             Origin             Length             Attributes
.sram            0x402f0400         0x00019400
.sdram           0x80000000         0x00080000
*default*        0x00000000         0xffffffff

Linker script and memory map


.text           0x402f0400     0xfa7c
                0x402f0400                __start = .
 arch/arm/cpu/armv7/start.o(.text)
 .text          0x402f0400       0xf0 arch/arm/cpu/armv7/start.o
                0x402f0400                _start
                0x402f0440                _end_vect
                0x402f0440                _TEXT_BASE
                0x402f0444                _bss_start_ofs
                0x402f0448                _image_copy_end_ofs
                0x402f044c                _bss_end_ofs
                0x402f0450                _end_ofs
                0x402f0454                IRQ_STACK_START_IN
                0x402f048c                c_runtime_cpu_setup
                0x402f04ac                cpu_init_cp15
                0x402f04e4                cpu_init_crit
 *(.text*)
 .text.mpu_pll_config
                0x402f04f0       0x8c arch/arm/cpu/armv7/am33xx/libam33xx.o
                0x402f04f0                mpu_pll_config
 .text.core_pll_config
                0x402f057c      0x128 arch/arm/cpu/armv7/am33xx/libam33xx.o
                0x402f057c                core_pll_config
 .text.ddr_pll_config
                0x402f06a4       0x90 arch/arm/cpu/armv7/am33xx/libam33xx.o
                0x402f06a4                ddr_pll_config
 .text.enable_emif_clocks
                0x402f0734       0x30 arch/arm/cpu/armv7/am33xx/libam33xx.o
                0x402f0734                enable_emif_clocks
 .text.pll_init
                0x402f0764      0x3a4 arch/arm/cpu/armv7/am33xx/libam33xx.o
                0x402f0764                pll_init
 .text.enable_gpmc_cs_config
                0x402f0b08       0x74 arch/arm/cpu/armv7/am33xx/libam33xx.o
                0x402f0b08                enable_gpmc_cs_config
 .text.gpmc_init
                0x402f0b7c       0x78 arch/arm/cpu/armv7/am33xx/libam33xx.o
                0x402f0b7c                gpmc_init
 .text.config_sdram
                0x402f0bf4       0x6c arch/arm/cpu/armv7/am33xx/libam33xx.o
                0x402f0bf4                config_sdram
 .text.set_sdram_timings
                0x402f0c60       0x38 arch/arm/cpu/armv7/am33xx/libam33xx.o
                0x402f0c60                set_sdram_timings
 .text.config_ddr_phy
                0x402f0c98       0x18 arch/arm/cpu/armv7/am33xx/libam33xx.o
                0x402f0c98                config_ddr_phy
 .text.config_cmd_ctrl
                0x402f0cb0       0x54 arch/arm/cpu/armv7/am33xx/libam33xx.o
                0x402f0cb0                config_cmd_ctrl
 .text.config_ddr_data
                0x402f0d04       0x50 arch/arm/cpu/armv7/am33xx/libam33xx.o
                0x402f0d04                config_ddr_data
 .text.config_io_ctrl
                0x402f0d54       0x20 arch/arm/cpu/armv7/am33xx/libam33xx.o
                0x402f0d54                config_io_ctrl
 .text.config_ddr
                0x402f0d74       0xb0 arch/arm/cpu/armv7/am33xx/libam33xx.o
                0x402f0d74                config_ddr
 .text.configure_module_pin_mux
                0x402f0e24       0x2c arch/arm/cpu/armv7/am33xx/libam33xx.o
                0x402f0e24                configure_module_pin_mux
 .text.elm_check_error
                0x402f0e50      0x1c8 arch/arm/cpu/armv7/am33xx/libam33xx.o
                0x402f0e50                elm_check_error
 .text.elm_config
                0x402f1018       0x44 arch/arm/cpu/armv7/am33xx/libam33xx.o
                0x402f1018                elm_config
 .text.elm_reset
                0x402f105c       0x30 arch/arm/cpu/armv7/am33xx/libam33xx.o
                0x402f105c                elm_reset
 .text.elm_init
                0x402f108c       0x18 arch/arm/cpu/armv7/am33xx/libam33xx.o
                0x402f108c                elm_init
 .text          0x402f10a4       0x18 arch/arm/cpu/armv7/libarmv7.o
                0x402f10a4                lowlevel_init
 .text.v7_dcache_inval_range
                0x402f10bc       0x80 arch/arm/cpu/armv7/libarmv7.o
 .text.__v7_outer_cache_flush_range
                0x402f113c        0x4 arch/arm/cpu/armv7/libarmv7.o
                0x402f113c                v7_outer_cache_flush_range
                0x402f113c                __v7_outer_cache_flush_range
 .text.flush_dcache_range
                0x402f1140       0x3c arch/arm/cpu/armv7/libarmv7.o
                0x402f1140                flush_dcache_range
 .text.__v7_outer_cache_inval_range
                0x402f117c        0x4 arch/arm/cpu/armv7/libarmv7.o
                0x402f117c                __v7_outer_cache_inval_range
                0x402f117c                v7_outer_cache_inval_range
 .text.invalidate_dcache_range
                0x402f1180       0x3c arch/arm/cpu/armv7/libarmv7.o
                0x402f1180                invalidate_dcache_range
 .text.sdelay   0x402f11bc        0xc arch/arm/cpu/armv7/libarmv7.o
                0x402f11bc                sdelay
 .text          0x402f11c8       0x90 arch/arm/cpu/armv7/omap-common/libomap-common.o
                0x402f11c8                save_boot_params
                0x402f1234                set_pl310_ctrl_reg
 .text.timer_init
                0x402f1258       0x3c arch/arm/cpu/armv7/omap-common/libomap-common.o
                0x402f1258                timer_init
 .text.__udelay
                0x402f1294       0x54 arch/arm/cpu/armv7/omap-common/libomap-common.o
                0x402f1294                __udelay
 .text.get_timer_masked
                0x402f12e8       0x3c arch/arm/cpu/armv7/omap-common/libomap-common.o
                0x402f12e8                get_timer_masked
 .text.get_timer
                0x402f1324       0x14 arch/arm/cpu/armv7/omap-common/libomap-common.o
                0x402f1324                get_timer
 .text.spl_boot_device
                0x402f1338       0x10 arch/arm/cpu/armv7/omap-common/libomap-common.o
                0x402f1338                spl_boot_device
 .text.spl_boot_mode
                0x402f1348       0x10 arch/arm/cpu/armv7/omap-common/libomap-common.o
                0x402f1348                spl_boot_mode
 .text.spl_board_init
                0x402f1358       0x10 arch/arm/cpu/armv7/omap-common/libomap-common.o
                0x402f1358                spl_board_init
 .text.board_mmc_init
                0x402f1368       0x50 arch/arm/cpu/armv7/omap-common/libomap-common.o
                0x402f1368                board_mmc_init
 .text          0x402f13b8       0x20 arch/arm/lib/libarm.o
                0x402f13b8                _main
 .text.board_init_f
                0x402f13d8       0x40 arch/arm/lib/libarm.o
                0x402f13d8                board_init_f
 .text.enable_uart0_pin_mux
                0x402f1418        0xc board/ti/am335x/libam335x.o
                0x402f1418                enable_uart0_pin_mux
 .text.enable_i2c0_pin_mux
                0x402f1424        0xc board/ti/am335x/libam335x.o
                0x402f1424                enable_i2c0_pin_mux
 .text.enable_board_pin_mux
                0x402f1430       0x50 board/ti/am335x/libam335x.o
                0x402f1430                enable_board_pin_mux
 .text.cpsw_control
                0x402f1480        0x4 board/ti/am335x/libam335x.o
 .text.voltage_update
                0x402f1484       0xf4 board/ti/am335x/libam335x.o
                0x402f1484                voltage_update
 .text.am33xx_spl_board_init
                0x402f1578       0xfc board/ti/am335x/libam335x.o
                0x402f1578                am33xx_spl_board_init
 .text.s_init   0x402f1674       0xf8 board/ti/am335x/libam335x.o
                0x402f1674                s_init
 .text.board_eth_init
                0x402f176c       0xd8 board/ti/am335x/libam335x.o
                0x402f176c                board_eth_init
 .text._do_env_set.isra.0
                0x402f1844      0x1d8 common/libcommon.o
 .text.get_env_id
                0x402f1a1c       0x10 common/libcommon.o
                0x402f1a1c                get_env_id
 .text.setenv   0x402f1a2c       0x4c common/libcommon.o
                0x402f1a2c                setenv
 .text.envmatch
                0x402f1a78       0x6c common/libcommon.o
                0x402f1a78                envmatch
 .text.getenv_f
                0x402f1ae4       0xd0 common/libcommon.o
                0x402f1ae4                getenv_f
 .text.getenv   0x402f1bb4       0x78 common/libcommon.o
                0x402f1bb4                getenv
 .text.fgetc    0x402f1c2c       0x2c common/libcommon.o
                0x402f1c2c                fgetc
 .text.ftstc    0x402f1c58       0x2c common/libcommon.o
                0x402f1c58                ftstc
 .text.fputc    0x402f1c84       0x28 common/libcommon.o
                0x402f1c84                fputc
 .text.getc     0x402f1cac       0x24 common/libcommon.o
                0x402f1cac                getc
 .text.tstc     0x402f1cd0       0x24 common/libcommon.o
                0x402f1cd0                tstc
 .text.putc     0x402f1cf4       0x28 common/libcommon.o
                0x402f1cf4                putc
 .text.puts     0x402f1d1c       0x3c common/libcommon.o
                0x402f1d1c                puts
 .text.printf   0x402f1d58       0x4c common/libcommon.o
                0x402f1d58                printf
 .text.ctrlc    0x402f1da4       0x58 common/libcommon.o
                0x402f1da4                ctrlc
 .text.sbrk     0x402f1dfc       0x70 common/libcommon.o
                0x402f1dfc                sbrk
 .text.mem_malloc_init
                0x402f1e6c       0x34 common/libcommon.o
                0x402f1e6c                mem_malloc_init
 .text.malloc_trim
                0x402f1ea0       0xcc common/libcommon.o
                0x402f1ea0                malloc_trim
 .text.free     0x402f1f6c      0x238 common/libcommon.o
                0x402f1f6c                free
 .text.malloc   0x402f21a4      0x604 common/libcommon.o
                0x402f21a4                malloc
 .text.calloc   0x402f27a8       0xd8 common/libcommon.o
                0x402f27a8                calloc
 .text.memalign
                0x402f2880      0x10c common/libcommon.o
                0x402f2880                memalign
 .text.env_attr_lookup
                0x402f298c      0x190 common/libcommon.o
                0x402f298c                env_attr_lookup
 .text.__env_get_char_spec
                0x402f2b1c        0xc common/libcommon.o
                0x402f2b1c                env_get_char_spec
 .text.env_get_addr
                0x402f2b28       0x20 common/libcommon.o
                0x402f2b28                env_get_addr
 .text.env_get_char_memory
                0x402f2b48       0x10 common/libcommon.o
                0x402f2b48                env_get_char_memory
 .text.env_get_char
                0x402f2b58       0x30 common/libcommon.o
                0x402f2b58                env_get_char
 .text.getenv_yesno
                0x402f2b88       0x50 common/libcommon.o
                0x402f2b88                getenv_yesno
 .text.getenv_default
                0x402f2bd8       0x30 common/libcommon.o
                0x402f2bd8                getenv_default
 .text.set_default_env
                0x402f2c08       0xb8 common/libcommon.o
                0x402f2c08                set_default_env
 .text.env_relocate
                0x402f2cc0       0x14 common/libcommon.o
                0x402f2cc0                env_relocate
 .text.skip_num
                0x402f2cd4       0x80 common/libcommon.o
 .text.env_flags_parse_vartype
                0x402f2d54       0x50 common/libcommon.o
                0x402f2d54                env_flags_parse_vartype
 .text.env_flags_parse_varaccess
                0x402f2da4       0x58 common/libcommon.o
                0x402f2da4                env_flags_parse_varaccess
 .text.env_flags_init
                0x402f2dfc       0xac common/libcommon.o
                0x402f2dfc                env_flags_init
 .text.env_flags_validate
                0x402f2ea8      0x310 common/libcommon.o
                0x402f2ea8                env_flags_validate
 .text.env_relocate_spec
                0x402f31b8        0x4 common/libcommon.o
                0x402f31b8                env_relocate_spec
 .text.env_init
                0x402f31bc       0x18 common/libcommon.o
                0x402f31bc                env_init
 .text.miiphy_get_dev_by_name
                0x402f31d4       0x5c common/libcommon.o
                0x402f31d4                miiphy_get_dev_by_name
 .text.miiphy_init
                0x402f3230       0x24 common/libcommon.o
                0x402f3230                miiphy_init
 .text.mdio_alloc
                0x402f3254       0x30 common/libcommon.o
                0x402f3254                mdio_alloc
 .text.mdio_register
                0x402f3284       0x8c common/libcommon.o
                0x402f3284                mdio_register
 .text.CYGACC_COMM_IF_GETC_TIMEOUT.isra.1
                0x402f3310       0x4c common/libcommon.o
 .text.xyzModem_flush
                0x402f335c       0x18 common/libcommon.o
 .text.xyzModem_get_hdr
                0x402f3374      0x250 common/libcommon.o
 .text.xyzModem_stream_open
                0x402f35c4      0x24c common/libcommon.o
                0x402f35c4                xyzModem_stream_open
 .text.xyzModem_stream_read
                0x402f3810      0x254 common/libcommon.o
                0x402f3810                xyzModem_stream_read
 .text.xyzModem_stream_close
                0x402f3a64       0x50 common/libcommon.o
                0x402f3a64                xyzModem_stream_close
 .text.xyzModem_stream_terminate
                0x402f3ab4       0x94 common/libcommon.o
                0x402f3ab4                xyzModem_stream_terminate
 .text.xyzModem_error
                0x402f3b48       0x20 common/libcommon.o
                0x402f3b48                xyzModem_error
 .text.hang     0x402f3b68       0x14 common/spl/libspl.o
                0x402f3b68                hang
 .text.spl_parse_image_header
                0x402f3b7c       0xb4 common/spl/libspl.o
                0x402f3b7c                spl_parse_image_header
 .text.jump_to_image_no_args
                0x402f3c30       0x14 common/spl/libspl.o
                0x402f3c30                jump_to_image_no_args
 .text.board_init_r
                0x402f3c44       0xac common/spl/libspl.o
                0x402f3c44                board_init_r
 .text.preloader_console_init
                0x402f3cf0       0x38 common/spl/libspl.o
                0x402f3cf0                preloader_console_init
 .text.env_callback_init
                0x402f3d28        0x4 common/spl/libspl.o
                0x402f3d28                env_callback_init
 .text.getcymodem
                0x402f3d2c       0x20 common/spl/libspl.o
 .text.spl_ymodem_load_image
                0x402f3d4c       0xd4 common/spl/libspl.o
                0x402f3d4c                spl_ymodem_load_image
 .text.spl_nand_load_image
                0x402f3e20       0x48 common/spl/libspl.o
                0x402f3e20                spl_nand_load_image
 .text.spl_net_load_image
                0x402f3e68       0x98 common/spl/libspl.o
                0x402f3e68                spl_net_load_image
 .text.init_part
                0x402f3f00       0x20 disk/libdisk.o
                0x402f3f00                init_part
 .text.get_partition_info
                0x402f3f20       0x2c disk/libdisk.o
                0x402f3f20                get_partition_info
 .text.test_block_type
                0x402f3f4c       0x6c disk/libdisk.o
 .text.get_partition_info_extended.constprop.2
                0x402f3fb8      0x2a8 disk/libdisk.o
 .text.test_part_dos
                0x402f4260       0x64 disk/libdisk.o
                0x402f4260                test_part_dos
 .text.get_partition_info_dos
                0x402f42c4       0x1c disk/libdisk.o
                0x402f42c4                get_partition_info_dos
 .text.flush_fifo
                0x402f42e0       0x3c drivers/i2c/libi2c.o
 .text.wait_for_bb
                0x402f431c       0x98 drivers/i2c/libi2c.o
 .text.wait_for_pin
                0x402f43b4       0x78 drivers/i2c/libi2c.o
 .text.i2c_init
                0x402f442c      0x1b0 drivers/i2c/libi2c.o
                0x402f442c                i2c_init
 .text.i2c_probe
                0x402f45dc      0x118 drivers/i2c/libi2c.o
                0x402f45dc                i2c_probe
 .text.i2c_read
                0x402f46f4      0x1fc drivers/i2c/libi2c.o
                0x402f46f4                i2c_read
 .text.i2c_write
                0x402f48f0      0x148 drivers/i2c/libi2c.o
                0x402f48f0                i2c_write
 .text.spl_mmc_load_image
                0x402f4a38      0x158 drivers/mmc/libmmc.o
                0x402f4a38                spl_mmc_load_image
 .text.mmc_set_ios
                0x402f4b90      0x128 drivers/mmc/libmmc.o
 .text.mmc_send_cmd
                0x402f4cb8      0x414 drivers/mmc/libmmc.o
 .text.mmc_go_idle
                0x402f50cc       0x4c drivers/mmc/libmmc.o
 .text.mmc_send_ext_csd
                0x402f5118       0x4c drivers/mmc/libmmc.o
 .text.mmc_send_status.constprop.5
                0x402f5164       0xcc drivers/mmc/libmmc.o
 .text.mmc_switch.isra.1
                0x402f5230       0x50 drivers/mmc/libmmc.o
 .text.__board_mmc_getcd
                0x402f5280        0x8 drivers/mmc/libmmc.o
                0x402f5280                __board_mmc_getcd
                0x402f5280                board_mmc_getcd
 .text.find_mmc_device
                0x402f5288       0x44 drivers/mmc/libmmc.o
                0x402f5288                find_mmc_device
 .text.mmc_berase
                0x402f52cc      0x194 drivers/mmc/libmmc.o
 .text.mmc_bwrite
                0x402f5460      0x18c drivers/mmc/libmmc.o
 .text.mmc_bread
                0x402f55ec      0x164 drivers/mmc/libmmc.o
 .text.mmc_getcd
                0x402f5750       0x2c drivers/mmc/libmmc.o
                0x402f5750                mmc_getcd
 .text.mmc_set_clock
                0x402f577c       0x20 drivers/mmc/libmmc.o
                0x402f577c                mmc_set_clock
 .text.mmc_startup
                0x402f579c      0x954 drivers/mmc/libmmc.o
 .text.mmc_register
                0x402f60f0       0x84 drivers/mmc/libmmc.o
                0x402f60f0                mmc_register
 .text.mmc_init
                0x402f6174      0x340 drivers/mmc/libmmc.o
                0x402f6174                mmc_init
 .text.__def_mmc_init
                0x402f64b4        0x8 drivers/mmc/libmmc.o
                0x402f64b4                cpu_mmc_init
 .text.print_mmc_devices
                0x402f64bc       0x64 drivers/mmc/libmmc.o
                0x402f64bc                print_mmc_devices
 .text.mmc_initialize
                0x402f6520       0x4c drivers/mmc/libmmc.o
                0x402f6520                mmc_initialize
 .text.mmc_reset_controller_fsm
                0x402f656c       0x6c drivers/mmc/libmmc.o
 .text.mmc_init_stream
                0x402f65d8       0xac drivers/mmc/libmmc.o
                0x402f65d8                mmc_init_stream
 .text.mmc_init_setup
                0x402f6684      0x150 drivers/mmc/libmmc.o
 .text.omap_mmc_init
                0x402f67d4      0x114 drivers/mmc/libmmc.o
                0x402f67d4                omap_mmc_init
 .text.nand_command
                0x402f68e8      0x330 drivers/mtd/nand/libnand.o
 .text.nand_spl_load_image
                0x402f6c18      0x20c drivers/mtd/nand/libnand.o
                0x402f6c18                nand_spl_load_image
 .text.nand_init
                0x402f6e24       0x5c drivers/mtd/nand/libnand.o
                0x402f6e24                nand_init
 .text.nand_deselect
                0x402f6e80       0x2c drivers/mtd/nand/libnand.o
                0x402f6e80                nand_deselect
 .text.nand_read_buf
                0x402f6eac       0x2c drivers/mtd/nand/libnand.o
                0x402f6eac                nand_read_buf
 .text.nand_read_buf16
                0x402f6ed8       0x38 drivers/mtd/nand/libnand.o
                0x402f6ed8                nand_read_buf16
 .text.nand_wait_ready
                0x402f6f10       0x4c drivers/mtd/nand/libnand.o
                0x402f6f10                nand_wait_ready
 .text.omap_nand_hwcontrol
                0x402f6f5c       0xa4 drivers/mtd/nand/libnand.o
 .text.omap_spl_dev_ready
                0x402f7000       0x18 drivers/mtd/nand/libnand.o
                0x402f7000                omap_spl_dev_ready
 .text.omap_hwecc_init_bch
                0x402f7018       0x98 drivers/mtd/nand/libnand.o
 .text.omap_enable_ecc_bch
                0x402f70b0       0x2c drivers/mtd/nand/libnand.o
 .text.omap_read_page_bch
                0x402f70dc      0x1bc drivers/mtd/nand/libnand.o
 .text.omap_correct_data_bch
                0x402f7298      0x158 drivers/mtd/nand/libnand.o
 .text.omap_calculate_ecc_bch
                0x402f73f0       0x98 drivers/mtd/nand/libnand.o
 .text.board_nand_init
                0x402f7488      0x198 drivers/mtd/nand/libnand.o
                0x402f7488                board_nand_init
 .text.spl_spi_load_image
                0x402f7620       0x78 drivers/mtd/spi/libspi_flash.o
                0x402f7620                spl_spi_load_image
 .text.spi_flash_read_write
                0x402f7698       0x74 drivers/mtd/spi/libspi_flash.o
 .text.spi_flash_cmd_read
                0x402f770c       0x1c drivers/mtd/spi/libspi_flash.o
                0x402f770c                spi_flash_cmd_read
 .text.spi_flash_cmd
                0x402f7728       0x2c drivers/mtd/spi/libspi_flash.o
                0x402f7728                spi_flash_cmd
 .text.spi_flash_cmd_write
                0x402f7754       0x1c drivers/mtd/spi/libspi_flash.o
                0x402f7754                spi_flash_cmd_write
 .text.spi_flash_read_common
                0x402f7770       0x4c drivers/mtd/spi/libspi_flash.o
                0x402f7770                spi_flash_read_common
 .text.spi_flash_cmd_read_fast
                0x402f77bc       0x40 drivers/mtd/spi/libspi_flash.o
                0x402f77bc                spi_flash_cmd_read_fast
 .text.spi_flash_cmd_poll_bit
                0x402f77fc       0xc8 drivers/mtd/spi/libspi_flash.o
                0x402f77fc                spi_flash_cmd_poll_bit
 .text.spi_flash_cmd_wait_ready
                0x402f78c4        0xc drivers/mtd/spi/libspi_flash.o
                0x402f78c4                spi_flash_cmd_wait_ready
 .text.spi_flash_cmd_write_multi
                0x402f78d0      0x108 drivers/mtd/spi/libspi_flash.o
                0x402f78d0                spi_flash_cmd_write_multi
 .text.spi_flash_cmd_erase
                0x402f79d8       0xfc drivers/mtd/spi/libspi_flash.o
                0x402f79d8                spi_flash_cmd_erase
 .text.spi_flash_probe
                0x402f7ad4       0xe8 drivers/mtd/spi/libspi_flash.o
                0x402f7ad4                spi_flash_probe
 .text.spi_flash_probe_winbond
                0x402f7bbc       0xac drivers/mtd/spi/libspi_flash.o
                0x402f7bbc                spi_flash_probe_winbond
 .text.cpsw_ale_read
                0x402f7c68       0x28 drivers/net/libnet.o
 .text.cpsw_ale_write
                0x402f7c90       0x2c drivers/net/libnet.o
 .text.cpsw_ale_match_free
                0x402f7cbc       0x50 drivers/net/libnet.o
 .text.cpsw_ale_find_ageable
                0x402f7d0c       0x60 drivers/net/libnet.o
 .text.cpdma_submit
                0x402f7d6c       0x94 drivers/net/libnet.o
 .text.cpdma_process
                0x402f7e00       0x88 drivers/net/libnet.o
 .text.cpsw_halt
                0x402f7e88       0x54 drivers/net/libnet.o
 .text.cpsw_mdio_read
                0x402f7edc       0xc4 drivers/net/libnet.o
 .text.cpsw_mdio_write
                0x402f7fa0       0xc0 drivers/net/libnet.o
 .text.cpsw_update_link
                0x402f8060       0xe0 drivers/net/libnet.o
 .text.cpsw_recv
                0x402f8140       0x64 drivers/net/libnet.o
 .text.cpsw_send
                0x402f81a4       0x90 drivers/net/libnet.o
 .text.cpsw_ale_match_addr
                0x402f8234       0xac drivers/net/libnet.o
 .text.cpsw_ale_add_mcast.constprop.1
                0x402f82e0      0x10c drivers/net/libnet.o
 .text.cpsw_init
                0x402f83ec      0x3fc drivers/net/libnet.o
 .text.cpsw_register
                0x402f87e8      0x23c drivers/net/libnet.o
                0x402f87e8                cpsw_register
 .text.genphy_shutdown
                0x402f8a24        0x8 drivers/net/phy/libphy.o
                0x402f8a24                genphy_shutdown
 .text.get_phy_id
                0x402f8a2c       0x70 drivers/net/phy/libphy.o
 .text.phy_device_create
                0x402f8a9c       0xe4 drivers/net/phy/libphy.o
 .text.get_phy_device
                0x402f8b80       0xb4 drivers/net/phy/libphy.o
 .text.genphy_restart_aneg
                0x402f8c34       0x54 drivers/net/phy/libphy.o
                0x402f8c34                genphy_restart_aneg
 .text.genphy_config_aneg
                0x402f8c88      0x1d4 drivers/net/phy/libphy.o
                0x402f8c88                genphy_config_aneg
 .text.genphy_config
                0x402f8e5c       0xa4 drivers/net/phy/libphy.o
                0x402f8e5c                genphy_config
 .text.genphy_update_link
                0x402f8f00      0x13c drivers/net/phy/libphy.o
                0x402f8f00                genphy_update_link
 .text.genphy_startup
                0x402f903c      0x140 drivers/net/phy/libphy.o
                0x402f903c                genphy_startup
 .text.phy_init
                0x402f917c       0x10 drivers/net/phy/libphy.o
                0x402f917c                phy_init
 .text.phy_register
                0x402f918c       0x28 drivers/net/phy/libphy.o
                0x402f918c                phy_register
 .text.phy_reset
                0x402f91b4       0xa8 drivers/net/phy/libphy.o
                0x402f91b4                phy_reset
 .text.phy_connect
                0x402f925c       0x90 drivers/net/phy/libphy.o
                0x402f925c                phy_connect
 .text.phy_startup
                0x402f92ec       0x24 drivers/net/phy/libphy.o
                0x402f92ec                phy_startup
 .text.__board_phy_config
                0x402f9310       0x24 drivers/net/phy/libphy.o
                0x402f9310                board_phy_config
 .text.phy_config
                0x402f9334       0x10 drivers/net/phy/libphy.o
                0x402f9334                phy_config
 .text.ar8021_config
                0x402f9344       0x50 drivers/net/phy/libphy.o
 .text.phy_atheros_init
                0x402f9394       0x18 drivers/net/phy/libphy.o
                0x402f9394                phy_atheros_init
 .text.NS16550_init
                0x402f93ac       0x64 drivers/serial/libserial.o
                0x402f93ac                NS16550_init
 .text.NS16550_reinit
                0x402f9410       0x4c drivers/serial/libserial.o
                0x402f9410                NS16550_reinit
 .text.NS16550_putc
                0x402f945c       0x18 drivers/serial/libserial.o
                0x402f945c                NS16550_putc
 .text.NS16550_getc
                0x402f9474       0x1c drivers/serial/libserial.o
                0x402f9474                NS16550_getc
 .text.NS16550_tstc
                0x402f9490       0x10 drivers/serial/libserial.o
                0x402f9490                NS16550_tstc
 .text.get_current
                0x402f94a0       0x40 drivers/serial/libserial.o
 .text.serial_init
                0x402f94e0       0x14 drivers/serial/libserial.o
                0x402f94e0                serial_init
 .text.serial_getc
                0x402f94f4       0x14 drivers/serial/libserial.o
                0x402f94f4                serial_getc
 .text.serial_tstc
                0x402f9508       0x14 drivers/serial/libserial.o
                0x402f9508                serial_tstc
 .text.serial_putc
                0x402f951c       0x1c drivers/serial/libserial.o
                0x402f951c                serial_putc
 .text.serial_puts
                0x402f9538       0x1c drivers/serial/libserial.o
                0x402f9538                serial_puts
 .text.calc_divisor.isra.0
                0x402f9554       0x28 drivers/serial/libserial.o
 .text.eserial1_init
                0x402f957c       0x20 drivers/serial/libserial.o
 .text._serial_putc
                0x402f959c       0x38 drivers/serial/libserial.o
                0x402f959c                _serial_putc
 .text.eserial1_putc
                0x402f95d4        0x8 drivers/serial/libserial.o
 .text._serial_puts
                0x402f95dc       0x28 drivers/serial/libserial.o
                0x402f95dc                _serial_puts
 .text.eserial1_puts
                0x402f9604        0x8 drivers/serial/libserial.o
 .text._serial_getc
                0x402f960c       0x1c drivers/serial/libserial.o
                0x402f960c                _serial_getc
 .text.eserial1_getc
                0x402f9628        0x8 drivers/serial/libserial.o
 .text._serial_tstc
                0x402f9630       0x14 drivers/serial/libserial.o
                0x402f9630                _serial_tstc
 .text.eserial1_tstc
                0x402f9644        0x8 drivers/serial/libserial.o
 .text._serial_setbrg
                0x402f964c       0x28 drivers/serial/libserial.o
                0x402f964c                _serial_setbrg
 .text.eserial1_setbrg
                0x402f9674        0x8 drivers/serial/libserial.o
 .text.default_serial_console
                0x402f967c        0xc drivers/serial/libserial.o
                0x402f967c                default_serial_console
 .text.omap3_spi_write_chconf
                0x402f9688       0x28 drivers/spi/libspi.o
 .text.spi_setup_slave
                0x402f96b0      0x130 drivers/spi/libspi.o
                0x402f96b0                spi_setup_slave
 .text.spi_free_slave
                0x402f97e0        0x4 drivers/spi/libspi.o
                0x402f97e0                spi_free_slave
 .text.spi_claim_bus
                0x402f97e4       0xe8 drivers/spi/libspi.o
                0x402f97e4                spi_claim_bus
 .text.spi_release_bus
                0x402f98cc       0x38 drivers/spi/libspi.o
                0x402f98cc                spi_release_bus
 .text.omap3_spi_write
                0x402f9904      0x134 drivers/spi/libspi.o
                0x402f9904                omap3_spi_write
 .text.omap3_spi_read
                0x402f9a38      0x148 drivers/spi/libspi.o
                0x402f9a38                omap3_spi_read
 .text.omap3_spi_txrx
                0x402f9b80      0x178 drivers/spi/libspi.o
                0x402f9b80                omap3_spi_txrx
 .text.spi_xfer
                0x402f9cf8       0xfc drivers/spi/libspi.o
                0x402f9cf8                spi_xfer
 .text.downcase
                0x402f9df4       0x24 fs/fat/libfat.o
 .text.disk_read
                0x402f9e18       0x58 fs/fat/libfat.o
 .text.dirdelim
                0x402f9e70       0x34 fs/fat/libfat.o
 .text.get_fatent
                0x402f9ea4      0x158 fs/fat/libfat.o
 .text.mkcksum  0x402f9ffc       0x54 fs/fat/libfat.o
 .text.get_name
                0x402fa050       0xac fs/fat/libfat.o
 .text.read_bootsectandvi
                0x402fa0fc      0x128 fs/fat/libfat.o
 .text.get_cluster
                0x402fa224      0x17c fs/fat/libfat.o
 .text.slot2str
                0x402fa3a0       0xc8 fs/fat/libfat.o
 .text.get_vfatname
                0x402fa468      0x1bc fs/fat/libfat.o
 .text.fat_set_blk_dev
                0x402fa624       0xd4 fs/fat/libfat.o
                0x402fa624                fat_set_blk_dev
 .text.fat_register_device
                0x402fa6f8       0x88 fs/fat/libfat.o
                0x402fa6f8                fat_register_device
 .text.do_fat_read_at
                0x402fa780      0xb0c fs/fat/libfat.o
                0x402fa780                do_fat_read_at
 .text.file_fat_read_at
                0x402fb28c       0x44 fs/fat/libfat.o
                0x402fb28c                file_fat_read_at
 .text.file_fat_read
                0x402fb2d0       0x14 fs/fat/libfat.o
                0x402fb2d0                file_fat_read
 .text.cyg_crc16
                0x402fb2e4       0x44 lib/libgeneric.o
                0x402fb2e4                cyg_crc16
 .text.print_size
                0x402fb328      0x138 lib/libgeneric.o
                0x402fb328                print_size
 .text.__div64_32
                0x402fb460       0xdc lib/libgeneric.o
                0x402fb460                __div64_32
 .text._hdelete.isra.1
                0x402fb53c       0x50 lib/libgeneric.o
 .text.drop_var_from_set.part.2
                0x402fb58c       0x50 lib/libgeneric.o
 .text.hcreate_r
                0x402fb5dc       0xb4 lib/libgeneric.o
                0x402fb5dc                hcreate_r
 .text.hdestroy_r
                0x402fb690       0x78 lib/libgeneric.o
                0x402fb690                hdestroy_r
 .text.hsearch_r
                0x402fb708      0x49c lib/libgeneric.o
                0x402fb708                hsearch_r
 .text.hdelete_r
                0x402fbba4       0xd4 lib/libgeneric.o
                0x402fbba4                hdelete_r
 .text.himport_r
                0x402fbc78      0x334 lib/libgeneric.o
                0x402fbc78                himport_r
 .text.string_to_ip
                0x402fbfac       0x60 lib/libgeneric.o
                0x402fbfac                string_to_ip
 .text.strcpy   0x402fc00c       0x1c lib/libgeneric.o
                0x402fc00c                strcpy
 .text.strncpy  0x402fc028       0x24 lib/libgeneric.o
                0x402fc028                strncpy
 .text.strcmp   0x402fc04c       0x2c lib/libgeneric.o
                0x402fc04c                strcmp
 .text.strncmp  0x402fc078       0x40 lib/libgeneric.o
                0x402fc078                strncmp
 .text.strchr   0x402fc0b8       0x34 lib/libgeneric.o
                0x402fc0b8                strchr
 .text.strlen   0x402fc0ec       0x20 lib/libgeneric.o
                0x402fc0ec                strlen
 .text.strnlen  0x402fc10c       0x30 lib/libgeneric.o
                0x402fc10c                strnlen
 .text.strdup   0x402fc13c       0x38 lib/libgeneric.o
                0x402fc13c                strdup
 .text.strpbrk  0x402fc174       0x3c lib/libgeneric.o
                0x402fc174                strpbrk
 .text.memset   0x402fc1b0       0x6c lib/libgeneric.o
                0x402fc1b0                memset
 .text.memcpy   0x402fc21c       0x68 lib/libgeneric.o
                0x402fc21c                memcpy
 .text.memcmp   0x402fc284       0x34 lib/libgeneric.o
                0x402fc284                memcmp
 .text.strstr   0x402fc2b8       0x64 lib/libgeneric.o
                0x402fc2b8                strstr
 .text.udelay   0x402fc31c       0x30 lib/libgeneric.o
                0x402fc31c                udelay
 .text.put_dec_trunc
                0x402fc34c       0xdc lib/libgeneric.o
 .text.put_dec  0x402fc428      0x130 lib/libgeneric.o
 .text.string.isra.0
                0x402fc558       0xa0 lib/libgeneric.o
 .text.number.isra.4
                0x402fc5f8      0x264 lib/libgeneric.o
 .text.vsnprintf_internal.isra.6
                0x402fc85c      0x610 lib/libgeneric.o
 .text.simple_strtoul
                0x402fce6c       0xc0 lib/libgeneric.o
                0x402fce6c                simple_strtoul
 .text.simple_strtol
                0x402fcf2c       0x28 lib/libgeneric.o
                0x402fcf2c                simple_strtol
 .text.vsprintf
                0x402fcf54        0x4 lib/libgeneric.o
                0x402fcf54                vsprintf
 .text.sprintf  0x402fcf58       0x24 lib/libgeneric.o
                0x402fcf58                sprintf
 .text.ArpInit  0x402fcf7c       0x50 net/libnet.o
                0x402fcf7c                ArpInit
 .text.arp_raw_request
                0x402fcfcc       0xc0 net/libnet.o
                0x402fcfcc                arp_raw_request
 .text.ArpRequest
                0x402fd08c       0x80 net/libnet.o
                0x402fd08c                ArpRequest
 .text.ArpTimeoutCheck
                0x402fd10c       0x80 net/libnet.o
                0x402fd10c                ArpTimeoutCheck
 .text.ArpReceive
                0x402fd18c      0x214 net/libnet.o
                0x402fd18c                ArpReceive
 .text.BootpHandler
                0x402fd3a0      0x3b4 net/libnet.o
 .text.BootpRequest
                0x402fd754      0x25c net/libnet.o
                0x402fd754                BootpRequest
 .text.BootpTimeout
                0x402fd9b0       0x44 net/libnet.o
 .text.__def_eth_init
                0x402fd9f4        0x8 net/libnet.o
                0x402fd9f4                cpu_eth_init
 .text.eth_current_changed
                0x402fd9fc       0x60 net/libnet.o
 .text.eth_parse_enetaddr
                0x402fda5c       0x54 net/libnet.o
                0x402fda5c                eth_parse_enetaddr
 .text.eth_getenv_enetaddr
                0x402fdab0       0x5c net/libnet.o
                0x402fdab0                eth_getenv_enetaddr
 .text.eth_setenv_enetaddr
                0x402fdb0c       0x34 net/libnet.o
                0x402fdb0c                eth_setenv_enetaddr
 .text.eth_getenv_enetaddr_by_index
                0x402fdb40       0x50 net/libnet.o
                0x402fdb40                eth_getenv_enetaddr_by_index
 .text.eth_get_dev_index
                0x402fdb90       0x1c net/libnet.o
                0x402fdb90                eth_get_dev_index
 .text.eth_write_hwaddr
                0x402fdbac      0x1d8 net/libnet.o
                0x402fdbac                eth_write_hwaddr
 .text.eth_register
                0x402fdd84       0x7c net/libnet.o
                0x402fdd84                eth_register
 .text.eth_initialize
                0x402fde00      0x1bc net/libnet.o
                0x402fde00                eth_initialize
 .text.eth_halt
                0x402fdfbc       0x30 net/libnet.o
                0x402fdfbc                eth_halt
 .text.eth_send
                0x402fdfec       0x38 net/libnet.o
                0x402fdfec                eth_send
 .text.eth_rx   0x402fe024       0x2c net/libnet.o
                0x402fe024                eth_rx
 .text.eth_try_another
                0x402fe050       0x88 net/libnet.o
                0x402fe050                eth_try_another
 .text.eth_init
                0x402fe0d8       0xcc net/libnet.o
                0x402fe0d8                eth_init
 .text.eth_set_current
                0x402fe1a4       0xac net/libnet.o
                0x402fe1a4                eth_set_current
 .text.eth_get_name
                0x402fe250       0x20 net/libnet.o
                0x402fe250                eth_get_name
 .text.startAgainTimeout
                0x402fe270       0x14 net/libnet.o
 .text.dummy_handler
                0x402fe284        0x4 net/libnet.o
 .text.net_clear_handlers
                0x402fe288       0x34 net/libnet.o
 .text.net_auto_load
                0x402fe2bc       0x38 net/libnet.o
                0x402fe2bc                net_auto_load
 .text.NetStartAgain
                0x402fe2f4      0x15c net/libnet.o
                0x402fe2f4                NetStartAgain
 .text.net_set_udp_handler
                0x402fe450       0x20 net/libnet.o
                0x402fe450                net_set_udp_handler
 .text.net_get_arp_handler
                0x402fe470       0x10 net/libnet.o
                0x402fe470                net_get_arp_handler
 .text.NetSetTimeout
                0x402fe480       0x4c net/libnet.o
                0x402fe480                NetSetTimeout
 .text.NetCksum
                0x402fe4cc       0x38 net/libnet.o
                0x402fe4cc                NetCksum
 .text.NetCksumOk
                0x402fe504       0x20 net/libnet.o
                0x402fe504                NetCksumOk
 .text.NetReceive
                0x402fe524      0x260 net/libnet.o
                0x402fe524                NetReceive
 .text.NetEthHdrSize
                0x402fe784       0x38 net/libnet.o
                0x402fe784                NetEthHdrSize
 .text.NetSetEther
                0x402fe7bc       0x9c net/libnet.o
                0x402fe7bc                NetSetEther
 .text.net_update_ether
                0x402fe858       0x78 net/libnet.o
                0x402fe858                net_update_ether
 .text.net_set_ip_header
                0x402fe8d0       0x88 net/libnet.o
                0x402fe8d0                net_set_ip_header
 .text.net_set_udp_header
                0x402fe958       0x88 net/libnet.o
                0x402fe958                net_set_udp_header
 .text.NetSendUDPPacket
                0x402fe9e0      0x110 net/libnet.o
                0x402fe9e0                NetSendUDPPacket
 .text.copy_filename
                0x402feaf0       0x4c net/libnet.o
                0x402feaf0                copy_filename
 .text.string_to_VLAN
                0x402feb3c       0x48 net/libnet.o
                0x402feb3c                string_to_VLAN
 .text.getenv_VLAN
                0x402feb84       0x10 net/libnet.o
                0x402feb84                getenv_VLAN
 .text.NetInitLoop
                0x402feb94       0xe8 net/libnet.o
 .text.net_init
                0x402fec7c       0x70 net/libnet.o
                0x402fec7c                net_init
 .text.NetLoop  0x402fecec      0x310 net/libnet.o
                0x402fecec                NetLoop
 .text.TftpSend
                0x402feffc      0x1c0 net/libnet.o
 .text.TftpHandler
                0x402ff1bc      0x380 net/libnet.o
 .text.TftpTimeout
                0x402ff53c       0x88 net/libnet.o
 .text.TftpStart
                0x402ff5c4      0x348 net/libnet.o
                0x402ff5c4                TftpStart
 .text.raise    0x402ff90c        0x8 /home/goembed/335x/work/u-boot-2013.01.01-psp06.00.00.00/am335x/spl/arch/arm/lib/eabi_compat.o
                0x402ff90c                raise
 *fill*         0x402ff914        0x4 
 .text          0x402ff918      0x278 /usr/local/toolchain/i686-arago-linux/usr/bin/../lib/gcc/arm-linux-gnueabihf/4.7.3/libgcc.a(_udivsi3.o)
                0x402ff918                __udivsi3
                0x402ff918                __aeabi_uidiv
                0x402ffb74                __aeabi_uidivmod
 .text          0x402ffb90      0x2b0 /usr/local/toolchain/i686-arago-linux/usr/bin/../lib/gcc/arm-linux-gnueabihf/4.7.3/libgcc.a(_divsi3.o)
                0x402ffb90                __aeabi_idiv
                0x402ffb90                __divsi3
                0x402ffe24                __aeabi_idivmod
 .text          0x402ffe40       0x18 /usr/local/toolchain/i686-arago-linux/usr/bin/../lib/gcc/arm-linux-gnueabihf/4.7.3/libgcc.a(_lshrdi3.o)
                0x402ffe40                __aeabi_llsr
                0x402ffe40                __lshrdi3
 .text          0x402ffe58       0x18 /usr/local/toolchain/i686-arago-linux/usr/bin/../lib/gcc/arm-linux-gnueabihf/4.7.3/libgcc.a(_ashldi3.o)
                0x402ffe58                __ashldi3
                0x402ffe58                __aeabi_llsl
 .text          0x402ffe70        0xc /usr/local/toolchain/i686-arago-linux/usr/bin/../lib/gcc/arm-linux-gnueabihf/4.7.3/libgcc.a(_dvmd_lnx.o)
                0x402ffe70                __aeabi_ldiv0
                0x402ffe70                __aeabi_idiv0

.glue_7         0x402ffe7c        0x0
 .glue_7        0x00000000        0x0 linker stubs

.glue_7t        0x402ffe7c        0x0
 .glue_7t       0x00000000        0x0 linker stubs

.vfp11_veneer   0x402ffe7c        0x0
 .vfp11_veneer  0x00000000        0x0 linker stubs

.v4_bx          0x402ffe7c        0x0
 .v4_bx         0x00000000        0x0 linker stubs

.iplt           0x402ffe7c        0x0
 .iplt          0x00000000        0x0 arch/arm/cpu/armv7/start.o
                0x402ffe7c                . = ALIGN (0x4)

.rodata         0x402ffe7c     0x330a
 *(SORT(.rodata*))
 .rodata.gpmc_m_nand
                0x402ffe7c       0x1c arch/arm/cpu/armv7/am33xx/libam33xx.o
 .rodata.ddr_reg
                0x402ffe98        0x8 arch/arm/cpu/armv7/am33xx/libam33xx.o
 .rodata.ddr3_beagleblack_cmd_ctrl_data
                0x402ffea0       0x3c board/ti/am335x/libam335x.o
 .rodata.ddr3_beagleblack_data
                0x402ffedc       0x20 board/ti/am335x/libam335x.o
 .rodata.env_flags_varaccess_mask
                0x402ffefc       0x10 common/libcommon.o
 .rodata.CSWTCH.26
                0x402fff0c       0x20 common/libcommon.o
 .rodata.ext_csd_bits.6550
                0x402fff2c        0xc drivers/mmc/libmmc.o
 .rodata.ext_to_hostcaps.6551
                0x402fff38        0xc drivers/mmc/libmmc.o
 .rodata.multipliers
                0x402fff44       0x40 drivers/mmc/libmmc.o
 .rodata.fbase  0x402fff84       0x10 drivers/mmc/libmmc.o
 .rodata.widths.6552
                0x402fff94        0xc drivers/mmc/libmmc.o
 .rodata.nand_ecc_pos
                0x402fffa0       0xe0 drivers/mtd/nand/libnand.o
 .rodata.winbond_spi_flash_table
                0x40300080       0x50 drivers/mtd/spi/libspi_flash.o
 .rodata.serial_ports
                0x403000d0       0x18 drivers/serial/libserial.o
 .rodata.crc16_tab
                0x403000e8      0x200 lib/libgeneric.o
 .rodata.str1.1
                0x403002e8       0x65 arch/arm/cpu/armv7/libarmv7.o
 .rodata.__func__.6140
                0x4030034d       0x16 arch/arm/cpu/armv7/libarmv7.o
 .rodata.str1.1
                0x40300363       0x4d board/ti/am335x/libam335x.o
 .rodata        0x403003b0        0x3 common/libcommon.o
 .rodata.str1.1
                0x403003b3      0xeeb common/libcommon.o
                                0xf22 (size before relaxing)
 .rodata.delims.6146
                0x4030129e        0x3 common/libcommon.o
 .rodata.__func__.6272
                0x403012a1       0x10 common/libcommon.o
 .rodata.default_environment
                0x403012b1      0x22c common/libcommon.o
                0x403012b1                default_environment
 .rodata.env_flags_varaccess_rep
                0x403014dd        0x5 common/libcommon.o
 .rodata.env_flags_vartype_rep
                0x403014e2        0x7 common/libcommon.o
 .rodata.str1.1
                0x403014e9       0xcd common/spl/libspl.o
                                 0xd4 (size before relaxing)
 .rodata.str1.1
                0x403015b6      0x3fa disk/libdisk.o
                                0x420 (size before relaxing)
 .rodata.str1.1
                0x403019b0      0x1b8 drivers/i2c/libi2c.o
 .rodata.str1.1
                0x40301b68      0x39b drivers/mmc/libmmc.o
                                0x3a3 (size before relaxing)
 .rodata.__func__.6550
                0x40301f03       0x10 drivers/mmc/libmmc.o
 .rodata.__func__.6735
                0x40301f13        0xf drivers/mmc/libmmc.o
 .rodata.__func__.6580
                0x40301f22        0xf drivers/mmc/libmmc.o
 .rodata.__func__.6800
                0x40301f31        0xc drivers/mmc/libmmc.o
 .rodata.__func__.6637
                0x40301f3d       0x19 drivers/mmc/libmmc.o
 .rodata.__func__.6700
                0x40301f56        0xe drivers/mmc/libmmc.o
 .rodata.__func__.6652
                0x40301f64        0xd drivers/mmc/libmmc.o
 .rodata.str1.1
                0x40301f71      0x2be drivers/mtd/nand/libnand.o
                                0x2e0 (size before relaxing)
 .rodata.CSWTCH.27
                0x4030222f        0x3 drivers/mtd/nand/libnand.o
 .rodata.CSWTCH.32
                0x40302232        0xe drivers/mtd/nand/libnand.o
 .rodata.str1.1
                0x40302240       0xc4 drivers/mtd/spi/libspi_flash.o
                                 0xc6 (size before relaxing)
 .rodata.str1.1
                0x40302304       0xa0 drivers/net/libnet.o
 .rodata.str1.1
                0x403023a4       0xf1 drivers/net/phy/libphy.o
                                 0xf3 (size before relaxing)
 .rodata.str1.1
                0x40302495       0x15 drivers/serial/libserial.o
 .rodata.str1.1
                0x403024aa      0x145 drivers/spi/libspi.o
 .rodata.str1.1
                0x403025ef      0x27b fs/fat/libfat.o
                                0x2a6 (size before relaxing)
 .rodata._ctype
                0x4030286a      0x100 lib/libgeneric.o
                0x4030286a                _ctype
 .rodata.str1.1
                0x4030296a       0xfc lib/libgeneric.o
 .rodata.names.6149
                0x40302a66        0x6 lib/libgeneric.o
 .rodata.hex_asc
                0x40302a6c       0x11 lib/libgeneric.o
 .rodata.digits.6138
                0x40302a7d       0x10 lib/libgeneric.o
 .rodata        0x40302a8d        0xe net/libnet.o
 .rodata.str1.1
                0x40302a9b      0x6eb net/libnet.o
                                0x84a (size before relaxing)

.rel.dyn        0x40303188        0x0
 .rel.iplt      0x00000000        0x0 arch/arm/cpu/armv7/start.o
                0x40303188                . = ALIGN (0x4)

.data           0x40303188      0x9b5
 *(SORT(.data*))
 .data          0x40303188       0x80 arch/arm/lib/libarm.o
                0x40303188                gdata
 .data.cmdpll   0x40303208        0x4 arch/arm/cpu/armv7/am33xx/libam33xx.o
                0x40303208                cmdpll
 .data.cmrtc    0x4030320c        0x4 arch/arm/cpu/armv7/am33xx/libam33xx.o
                0x4030320c                cmrtc
 .data.cmwkup   0x40303210        0x4 arch/arm/cpu/armv7/am33xx/libam33xx.o
                0x40303210                cmwkup
 .data.cmper    0x40303214        0x4 arch/arm/cpu/armv7/am33xx/libam33xx.o
                0x40303214                cmper
 .data.cstat    0x40303218        0x4 arch/arm/cpu/armv7/am33xx/libam33xx.o
                0x40303218                cstat
 .data          0x4030321c        0xc arch/arm/cpu/armv7/omap-common/libomap-common.o
                0x4030321c                boot_params
 .data.omap_bootmode
                0x40303228        0x4 arch/arm/cpu/armv7/omap-common/libomap-common.o
                0x40303228                omap_bootmode
 .data.cpsw_slaves
                0x4030322c       0x20 board/ti/am335x/libam335x.o
 .data.cpsw_data
                0x4030324c       0x3c board/ti/am335x/libam335x.o
 .data.ddr3_beagleblack_emif_reg_data
                0x40303288       0x54 board/ti/am335x/libam335x.o
 .data.env_id   0x403032dc        0x4 common/libcommon.o
 .data.av_      0x403032e0      0x408 common/libcommon.o
 .data.sbrk_base
                0x403036e8        0x4 common/libcommon.o
 .data.trim_threshold
                0x403036ec        0x4 common/libcommon.o
 .data.env_htab
                0x403036f0       0x10 common/libcommon.o
                0x403036f0                env_htab
 .data.load_addr
                0x40303700        0x4 common/libcommon.o
                0x40303700                load_addr
 .data          0x40303704       0x20 common/spl/libspl.o
 .data          0x40303724       0x14 drivers/i2c/libi2c.o
 .data.cur_dev_num
                0x40303738        0x4 drivers/mmc/libmmc.o
 .data.hw_bch8_nand_oob
                0x4030373c      0x248 drivers/mtd/nand/libnand.o
 .data.phy_drivers
                0x40303984        0x8 drivers/net/phy/libphy.o
 .data.genphy_driver
                0x4030398c       0x2c drivers/net/phy/libphy.o
 .data.AR8021_driver
                0x403039b8       0x2c drivers/net/phy/libphy.o
 .data.eserial1_device
                0x403039e4       0x30 drivers/serial/libserial.o
                0x403039e4                eserial1_device
 .data.first_call.6331
                0x40303a14        0x4 net/libnet.o
 .data.TftpTimeoutCountMax
                0x40303a18        0x4 net/libnet.o
 .data.TftpRRQTimeoutCountMax
                0x40303a1c        0x4 net/libnet.o
                0x40303a1c                TftpRRQTimeoutCountMax
 .data.TftpTimeoutMSecs
                0x40303a20        0x4 net/libnet.o
 .data.mmc1_pin_mux
                0x40303a24       0x24 board/ti/am335x/libam335x.o
 .data.led_pwm_back
                0x40303a48        0xc board/ti/am335x/libam335x.o
 .data.i2c0_pin_mux
                0x40303a54        0xc board/ti/am335x/libam335x.o
 .data.lcd_pin_mux
                0x40303a60       0x54 board/ti/am335x/libam335x.o
 .data.rgmii1_pin_mux
                0x40303ab4       0x3c board/ti/am335x/libam335x.o
 .data.i2c1_pin_mux
                0x40303af0        0xc board/ti/am335x/libam335x.o
 .data.mmc0_pin_mux
                0x40303afc       0x24 board/ti/am335x/libam335x.o
 .data.uart0_pin_mux
                0x40303b20        0xc board/ti/am335x/libam335x.o
 .data.NetOurNativeVLAN
                0x40303b2c        0x2 net/libnet.o
                0x40303b2c                NetOurNativeVLAN
 .data.NetOurVLAN
                0x40303b2e        0x2 net/libnet.o
                0x40303b2e                NetOurVLAN
 .data.TftpBlkSizeOption
                0x40303b30        0x2 net/libnet.o
 .data.TftpBlkSize
                0x40303b32        0x2 net/libnet.o
 .data.bch_priv
                0x40303b34        0x3 drivers/mtd/nand/libnand.o
 .data.NetBcastAddr
                0x40303b37        0x6 net/libnet.o
                0x40303b37                NetBcastAddr

.igot.plt       0x40303b40        0x0
 .igot.plt      0x00000000        0x0 arch/arm/cpu/armv7/start.o

.u_boot_list    0x40303188        0x0
                0x40303188                _u_boot_list__start = .
                0x40303188                _u_boot_list_cmd__start = .
 *(SORT(.u_boot_list.cmd.*))
                0x40303188                _u_boot_list_cmd__end = .
                0x40303188                _u_boot_list_env_clbk__start = .
 *(SORT(.u_boot_list.env_clbk.*))
                0x40303188                _u_boot_list_env_clbk__end = .
 *(SORT(.u_boot_list.*))
                0x40303188                _u_boot_list__end = .
                0x40303188                . = ALIGN (0x4)
                0x40303188                __image_copy_end = .
                0x40303188                _end = .

.bss            0x80000000    0x33088
                0x80000000                . = ALIGN (0x4)
                0x80000000                __bss_start = .
 *(.bss*)
 .bss.gpmc_cfg  0x80000000        0x4 arch/arm/cpu/armv7/am33xx/libam33xx.o
                0x80000000                gpmc_cfg
 .bss.elm_cfg   0x80000004        0x4 arch/arm/cpu/armv7/am33xx/libam33xx.o
                0x80000004                elm_cfg
 .bss.ctrlc_was_pressed
                0x80000008        0x4 common/libcommon.o
 .bss.ctrlc_disabled
                0x8000000c        0x4 common/libcommon.o
 .bss.max_total_mem
                0x80000010        0x4 common/libcommon.o
 .bss.mem_malloc_brk
                0x80000014        0x4 common/libcommon.o
                0x80000014                mem_malloc_brk
 .bss.max_sbrked_mem
                0x80000018        0x4 common/libcommon.o
 .bss.current_mallinfo
                0x8000001c       0x28 common/libcommon.o
 .bss.mem_malloc_end
                0x80000044        0x4 common/libcommon.o
                0x80000044                mem_malloc_end
 .bss.top_pad   0x80000048        0x4 common/libcommon.o
 .bss.mem_malloc_start
                0x8000004c        0x4 common/libcommon.o
                0x8000004c                mem_malloc_start
 .bss.current_mii
                0x80000050        0x4 common/libcommon.o
 .bss.mii_devs  0x80000054        0x8 common/libcommon.o
 .bss.stdio_devices
                0x8000005c        0xc common/libcommon.o
                0x8000005c                stdio_devices
 .bss.xyz       0x80000068      0x43c common/libcommon.o
 .bss.spl_image
                0x800004a4       0x18 common/spl/libspl.o
                0x800004a4                spl_image
 .bss.boot_params_ptr
                0x800004bc        0x4 common/spl/libspl.o
                0x800004bc                boot_params_ptr
 .bss.mmc_devices
                0x800004c0        0x8 drivers/mmc/libmmc.o
 .bss.hsmmc_dev
                0x800004c8      0x250 drivers/mmc/libmmc.o
 .bss.mtd       0x80000718       0xa8 drivers/mtd/nand/libnand.o
 .bss.nand_chip
                0x800007c0      0x128 drivers/mtd/nand/libnand.o
 .bss.cs        0x800008e8        0x1 drivers/mtd/nand/libnand.o
 *fill*         0x800008e9        0x3 
 .bss.mdio_regs
                0x800008ec        0x4 drivers/net/libnet.o
 .bss.serial_current
                0x800008f0        0x4 drivers/serial/libserial.o
 *fill*         0x800008f4        0xc 
 .bss.get_contents_vfatname_block
                0x80000900    0x10000 fs/fat/libfat.o
                0x80000900                get_contents_vfatname_block
 .bss.do_fat_read_at_block
                0x80010900    0x10000 fs/fat/libfat.o
                0x80010900                do_fat_read_at_block
 .bss.get_dentfromdir_block
                0x80020900    0x10000 fs/fat/libfat.o
                0x80020900                get_dentfromdir_block
 .bss.cur_part_info
                0x80030900       0x50 fs/fat/libfat.o
 .bss.cur_dev   0x80030950        0x4 fs/fat/libfat.o
 .bss.errno     0x80030954        0x4 lib/libgeneric.o
                0x80030954                errno
 .bss.NetArpWaitPacketIP
                0x80030958        0x4 net/libnet.o
                0x80030958                NetArpWaitPacketIP
 .bss.NetArpWaitTimerStart
                0x8003095c        0x4 net/libnet.o
                0x8003095c                NetArpWaitTimerStart
 .bss.NetArpWaitReplyIP
                0x80030960        0x4 net/libnet.o
 .bss.NetArpWaitTxPacketSize
                0x80030964        0x4 net/libnet.o
                0x80030964                NetArpWaitTxPacketSize
 .bss.NetArpWaitTry
                0x80030968        0x4 net/libnet.o
                0x80030968                NetArpWaitTry
 .bss.NetArpTxPacket
                0x8003096c        0x4 net/libnet.o
 .bss.NetArpPacketBuf
                0x80030970      0x640 net/libnet.o
 .bss.NetArpWaitPacketMAC
                0x80030fb0        0x4 net/libnet.o
                0x80030fb0                NetArpWaitPacketMAC
 .bss.BootpTry  0x80030fb4        0x4 net/libnet.o
                0x80030fb4                BootpTry
 .bss.BootpID   0x80030fb8        0x4 net/libnet.o
                0x80030fb8                BootpID
 .bss.first_failed.6704
                0x80030fbc        0x4 net/libnet.o
 .bss.env_changed_id.6710
                0x80030fc0        0x4 net/libnet.o
 .bss.index.6657
                0x80030fc4        0x4 net/libnet.o
 .bss.act.6709  0x80030fc8        0x4 net/libnet.o
 .bss.eth_current
                0x80030fcc        0x4 net/libnet.o
                0x80030fcc                eth_current
 .bss.eth_devices
                0x80030fd0        0x4 net/libnet.o
 .bss.NetOurEther
                0x80030fd4        0x6 net/libnet.o
                0x80030fd4                NetOurEther
 *fill*         0x80030fda        0x2 
 .bss.NetServerIP
                0x80030fdc        0x4 net/libnet.o
                0x80030fdc                NetServerIP
 .bss.NetRestarted
                0x80030fe0        0x4 net/libnet.o
 .bss.net_state
                0x80030fe4        0x4 net/libnet.o
                0x80030fe4                net_state
 .bss.NetRxPackets
                0x80030fe8       0x10 net/libnet.o
                0x80030fe8                NetRxPackets
 .bss.NetBootFileSize
                0x80030ff8        0x2 net/libnet.o
                0x80030ff8                NetBootFileSize
 .bss.NetEtherNullAddr
                0x80030ffa        0x6 net/libnet.o
                0x80030ffa                NetEtherNullAddr
 .bss.NetRxPacket
                0x80031000        0x4 net/libnet.o
                0x80031000                NetRxPacket
 .bss.udp_packet_handler
                0x80031004        0x4 net/libnet.o
 .bss.env_changed_id.6320
                0x80031008        0x4 net/libnet.o
 .bss.NetDevExists
                0x8003100c        0x4 net/libnet.o
 .bss.timeStart
                0x80031010        0x4 net/libnet.o
 .bss.timeHandler
                0x80031014        0x4 net/libnet.o
 .bss.NetTryCount
                0x80031018        0x4 net/libnet.o
 .bss.NetOurDNSIP
                0x8003101c        0x4 net/libnet.o
                0x8003101c                NetOurDNSIP
 .bss.NetOurSubnetMask
                0x80031020        0x4 net/libnet.o
                0x80031020                NetOurSubnetMask
 .bss.NetOurDNS2IP
                0x80031024        0x4 net/libnet.o
                0x80031024                NetOurDNS2IP
 .bss.NetTxPacket
                0x80031028        0x4 net/libnet.o
                0x80031028                NetTxPacket
 .bss.NetBootFileXferSize
                0x8003102c        0x4 net/libnet.o
                0x8003102c                NetBootFileXferSize
 .bss.NetOurIP  0x80031030        0x4 net/libnet.o
                0x80031030                NetOurIP
 .bss.NetOurNISDomain
                0x80031034       0x20 net/libnet.o
                0x80031034                NetOurNISDomain
 .bss.NetIPID   0x80031054        0x4 net/libnet.o
                0x80031054                NetIPID
 .bss.BootFile  0x80031058       0x80 net/libnet.o
                0x80031058                BootFile
 .bss.NetOurGatewayIP
                0x800310d8        0x4 net/libnet.o
                0x800310d8                NetOurGatewayIP
 .bss.arp_packet_handler
                0x800310dc        0x4 net/libnet.o
 .bss.NetOurHostName
                0x800310e0       0x20 net/libnet.o
                0x800310e0                NetOurHostName
 .bss.NetRestartWrap
                0x80031100        0x4 net/libnet.o
                0x80031100                NetRestartWrap
 .bss.NetRxPacketLen
                0x80031104        0x4 net/libnet.o
                0x80031104                NetRxPacketLen
 .bss.PktBuf    0x80031108     0x1e40 net/libnet.o
 .bss.timeDelta
                0x80032f48        0x4 net/libnet.o
 .bss.NetServerEther
                0x80032f4c        0x6 net/libnet.o
                0x80032f4c                NetServerEther
 .bss.NetOurRootPath
                0x80032f52       0x40 net/libnet.o
                0x80032f52                NetOurRootPath
 .bss.default_filename
                0x80032f92       0x4d net/libnet.o
 *fill*         0x80032fdf        0x1 
 .bss.time_start
                0x80032fe0        0x4 net/libnet.o
 .bss.TftpTimeoutCount
                0x80032fe4        0x4 net/libnet.o
 .bss.TftpBlockWrap
                0x80032fe8        0x4 net/libnet.o
 .bss.TftpBlock
                0x80032fec        0x4 net/libnet.o
 .bss.TftpOurPort
                0x80032ff0        0x4 net/libnet.o
 .bss.TftpRemoteIP
                0x80032ff4        0x4 net/libnet.o
 .bss.TftpState
                0x80032ff8        0x4 net/libnet.o
 .bss.TftpRemotePort
                0x80032ffc        0x4 net/libnet.o
 .bss.tftp_filename
                0x80033000       0x80 net/libnet.o
 .bss.TftpBlockWrapOffset
                0x80033080        0x4 net/libnet.o
 .bss.TftpLastBlock
                0x80033084        0x4 net/libnet.o
                0x80033088                . = ALIGN (0x4)
                0x80033088                __bss_end__ = .
Address of section .text set to 0x402f0400
LOAD arch/arm/cpu/armv7/start.o
START GROUP
LOAD arch/arm/cpu/armv7/am33xx/libam33xx.o
LOAD arch/arm/cpu/armv7/libarmv7.o
LOAD arch/arm/cpu/armv7/omap-common/libomap-common.o
LOAD arch/arm/lib/libarm.o
LOAD board/ti/am335x/libam335x.o
LOAD common/libcommon.o
LOAD common/spl/libspl.o
LOAD disk/libdisk.o
LOAD drivers/gpio/libgpio.o
LOAD drivers/i2c/libi2c.o
LOAD drivers/mmc/libmmc.o
LOAD drivers/mtd/nand/libnand.o
LOAD drivers/mtd/spi/libspi_flash.o
LOAD drivers/net/libnet.o
LOAD drivers/net/phy/libphy.o
LOAD drivers/serial/libserial.o
LOAD drivers/spi/libspi.o
LOAD fs/fat/libfat.o
LOAD lib/libgeneric.o
LOAD net/libnet.o
END GROUP
LOAD /home/goembed/335x/work/u-boot-2013.01.01-psp06.00.00.00/am335x/spl/arch/arm/lib/eabi_compat.o
LOAD /usr/local/toolchain/i686-arago-linux/usr/bin/../lib/gcc/arm-linux-gnueabihf/4.7.3/libgcc.a
LOAD /usr/local/toolchain/i686-arago-linux/usr/bin/../lib/gcc/arm-linux-gnueabihf/4.7.3/libgcc.a
OUTPUT(u-boot-spl elf32-littlearm)

.ARM.attributes
                0x00000000       0x2b
 .ARM.attributes
                0x00000000       0x1f arch/arm/cpu/armv7/start.o
 .ARM.attributes
                0x0000001f       0x2d arch/arm/cpu/armv7/am33xx/libam33xx.o
 .ARM.attributes
                0x0000004c       0x2d arch/arm/cpu/armv7/libarmv7.o
 .ARM.attributes
                0x00000079       0x2b arch/arm/cpu/armv7/omap-common/libomap-common.o
 .ARM.attributes
                0x000000a4       0x2b arch/arm/lib/libarm.o
 .ARM.attributes
                0x000000cf       0x2d board/ti/am335x/libam335x.o
 .ARM.attributes
                0x000000fc       0x2d common/libcommon.o
 .ARM.attributes
                0x00000129       0x2d common/spl/libspl.o
 .ARM.attributes
                0x00000156       0x2d disk/libdisk.o
 .ARM.attributes
                0x00000183       0x2d drivers/i2c/libi2c.o
 .ARM.attributes
                0x000001b0       0x2d drivers/mmc/libmmc.o
 .ARM.attributes
                0x000001dd       0x2d drivers/mtd/nand/libnand.o
 .ARM.attributes
                0x0000020a       0x2d drivers/mtd/spi/libspi_flash.o
 .ARM.attributes
                0x00000237       0x2d drivers/net/libnet.o
 .ARM.attributes
                0x00000264       0x2d drivers/net/phy/libphy.o
 .ARM.attributes
                0x00000291       0x2d drivers/serial/libserial.o
 .ARM.attributes
                0x000002be       0x2d drivers/spi/libspi.o
 .ARM.attributes
                0x000002eb       0x2d fs/fat/libfat.o
 .ARM.attributes
                0x00000318       0x2d lib/libgeneric.o
 .ARM.attributes
                0x00000345       0x2d net/libnet.o
 .ARM.attributes
                0x00000372       0x2d /home/goembed/335x/work/u-boot-2013.01.01-psp06.00.00.00/am335x/spl/arch/arm/lib/eabi_compat.o
 .ARM.attributes
                0x0000039f       0x21 /usr/local/toolchain/i686-arago-linux/usr/bin/../lib/gcc/arm-linux-gnueabihf/4.7.3/libgcc.a(_udivsi3.o)
 .ARM.attributes
                0x000003c0       0x21 /usr/local/toolchain/i686-arago-linux/usr/bin/../lib/gcc/arm-linux-gnueabihf/4.7.3/libgcc.a(_divsi3.o)
 .ARM.attributes
                0x000003e1       0x21 /usr/local/toolchain/i686-arago-linux/usr/bin/../lib/gcc/arm-linux-gnueabihf/4.7.3/libgcc.a(_lshrdi3.o)
 .ARM.attributes
                0x00000402       0x21 /usr/local/toolchain/i686-arago-linux/usr/bin/../lib/gcc/arm-linux-gnueabihf/4.7.3/libgcc.a(_ashldi3.o)
 .ARM.attributes
                0x00000423       0x21 /usr/local/toolchain/i686-arago-linux/usr/bin/../lib/gcc/arm-linux-gnueabihf/4.7.3/libgcc.a(_dvmd_lnx.o)

.comment        0x00000000       0x68
 .comment       0x00000000       0x68 arch/arm/cpu/armv7/am33xx/libam33xx.o
                                0x348 (size before relaxing)
 .comment       0x00000000      0x13b arch/arm/cpu/armv7/libarmv7.o
 .comment       0x00000000      0x1a4 arch/arm/cpu/armv7/omap-common/libomap-common.o
 .comment       0x00000000      0x20d arch/arm/lib/libarm.o
 .comment       0x00000000       0xd2 board/ti/am335x/libam335x.o
 .comment       0x00000000      0x4ec common/libcommon.o
 .comment       0x00000000      0x1a4 common/spl/libspl.o
 .comment       0x00000000       0xd2 disk/libdisk.o
 .comment       0x00000000       0x69 drivers/i2c/libi2c.o
 .comment       0x00000000      0x13b drivers/mmc/libmmc.o
 .comment       0x00000000      0x1a4 drivers/mtd/nand/libnand.o
 .comment       0x00000000      0x13b drivers/mtd/spi/libspi_flash.o
 .comment       0x00000000       0x69 drivers/net/libnet.o
 .comment       0x00000000       0xd2 drivers/net/phy/libphy.o
 .comment       0x00000000      0x13b drivers/serial/libserial.o
 .comment       0x00000000       0x69 drivers/spi/libspi.o
 .comment       0x00000000       0x69 fs/fat/libfat.o
 .comment       0x00000000      0x4ec lib/libgeneric.o
 .comment       0x00000000      0x2df net/libnet.o
 .comment       0x00000000       0x69 /home/goembed/335x/work/u-boot-2013.01.01-psp06.00.00.00/am335x/spl/arch/arm/lib/eabi_compat.o

.note.GNU-stack
                0x00000000        0x0
 .note.GNU-stack
                0x00000000        0x0 arch/arm/cpu/armv7/am33xx/libam33xx.o
 .note.GNU-stack
                0x00000000        0x0 arch/arm/cpu/armv7/libarmv7.o
 .note.GNU-stack
                0x00000000        0x0 arch/arm/cpu/armv7/omap-common/libomap-common.o
 .note.GNU-stack
                0x00000000        0x0 arch/arm/lib/libarm.o
 .note.GNU-stack
                0x00000000        0x0 board/ti/am335x/libam335x.o
 .note.GNU-stack
                0x00000000        0x0 common/libcommon.o
 .note.GNU-stack
                0x00000000        0x0 common/spl/libspl.o
 .note.GNU-stack
                0x00000000        0x0 disk/libdisk.o
 .note.GNU-stack
                0x00000000        0x0 drivers/i2c/libi2c.o
 .note.GNU-stack
                0x00000000        0x0 drivers/mmc/libmmc.o
 .note.GNU-stack
                0x00000000        0x0 drivers/mtd/nand/libnand.o
 .note.GNU-stack
                0x00000000        0x0 drivers/mtd/spi/libspi_flash.o
 .note.GNU-stack
                0x00000000        0x0 drivers/net/libnet.o
 .note.GNU-stack
                0x00000000        0x0 drivers/net/phy/libphy.o
 .note.GNU-stack
                0x00000000        0x0 drivers/serial/libserial.o
 .note.GNU-stack
                0x00000000        0x0 drivers/spi/libspi.o
 .note.GNU-stack
                0x00000000        0x0 fs/fat/libfat.o
 .note.GNU-stack
                0x00000000        0x0 lib/libgeneric.o
 .note.GNU-stack
                0x00000000        0x0 net/libnet.o
 .note.GNU-stack
                0x00000000        0x0 /home/goembed/335x/work/u-boot-2013.01.01-psp06.00.00.00/am335x/spl/arch/arm/lib/eabi_compat.o
 .note.GNU-stack
                0x00000000        0x0 /usr/local/toolchain/i686-arago-linux/usr/bin/../lib/gcc/arm-linux-gnueabihf/4.7.3/libgcc.a(_udivsi3.o)
 .note.GNU-stack
                0x00000000        0x0 /usr/local/toolchain/i686-arago-linux/usr/bin/../lib/gcc/arm-linux-gnueabihf/4.7.3/libgcc.a(_divsi3.o)
 .note.GNU-stack
                0x00000000        0x0 /usr/local/toolchain/i686-arago-linux/usr/bin/../lib/gcc/arm-linux-gnueabihf/4.7.3/libgcc.a(_lshrdi3.o)
 .note.GNU-stack
                0x00000000        0x0 /usr/local/toolchain/i686-arago-linux/usr/bin/../lib/gcc/arm-linux-gnueabihf/4.7.3/libgcc.a(_ashldi3.o)
 .note.GNU-stack
                0x00000000        0x0 /usr/local/toolchain/i686-arago-linux/usr/bin/../lib/gcc/arm-linux-gnueabihf/4.7.3/libgcc.a(_dvmd_lnx.o)

.debug_line     0x00000000     0xf480
 .debug_line    0x00000000       0x75 arch/arm/cpu/armv7/start.o
 .debug_line    0x00000075      0xfd8 arch/arm/cpu/armv7/am33xx/libam33xx.o
 .debug_line    0x0000104d      0x60a arch/arm/cpu/armv7/libarmv7.o
 .debug_line    0x00001657      0x693 arch/arm/cpu/armv7/omap-common/libomap-common.o
 .debug_line    0x00001cea      0xa24 arch/arm/lib/libarm.o
 .debug_line    0x0000270e      0x5d9 board/ti/am335x/libam335x.o
 .debug_line    0x00002ce7     0x27df common/libcommon.o
 .debug_line    0x000054c6      0x718 common/spl/libspl.o
 .debug_line    0x00005bde      0x6ea disk/libdisk.o
 .debug_line    0x000062c8      0x3c8 drivers/i2c/libi2c.o
 .debug_line    0x00006690      0xd61 drivers/mmc/libmmc.o
 .debug_line    0x000073f1     0x1b03 drivers/mtd/nand/libnand.o
 .debug_line    0x00008ef4      0x6c3 drivers/mtd/spi/libspi_flash.o
 .debug_line    0x000095b7      0x68f drivers/net/libnet.o
 .debug_line    0x00009c46      0x678 drivers/net/phy/libphy.o
 .debug_line    0x0000a2be      0xa0f drivers/serial/libserial.o
 .debug_line    0x0000accd      0x3af drivers/spi/libspi.o
 .debug_line    0x0000b07c      0xb83 fs/fat/libfat.o
 .debug_line    0x0000bbff     0x1a8b lib/libgeneric.o
 .debug_line    0x0000d68a     0x1ca5 net/libnet.o
 .debug_line    0x0000f32f      0x151 /home/goembed/335x/work/u-boot-2013.01.01-psp06.00.00.00/am335x/spl/arch/arm/lib/eabi_compat.o

.debug_info     0x00000000    0x4846b
 .debug_info    0x00000000       0x7c arch/arm/cpu/armv7/start.o
 .debug_info    0x0000007c     0x57dd arch/arm/cpu/armv7/am33xx/libam33xx.o
 .debug_info    0x00005859     0x1408 arch/arm/cpu/armv7/libarmv7.o
 .debug_info    0x00006c61     0x118f arch/arm/cpu/armv7/omap-common/libomap-common.o
 .debug_info    0x00007df0     0x2238 arch/arm/lib/libarm.o
 .debug_info    0x0000a028     0x2e0c board/ti/am335x/libam335x.o
 .debug_info    0x0000ce34     0xadab common/libcommon.o
 .debug_info    0x00017bdf     0x1ea4 common/spl/libspl.o
 .debug_info    0x00019a83     0x1f2e disk/libdisk.o
 .debug_info    0x0001b9b1     0x1589 drivers/i2c/libi2c.o
 .debug_info    0x0001cf3a     0x4f23 drivers/mmc/libmmc.o
 .debug_info    0x00021e5d     0xa10d drivers/mtd/nand/libnand.o
 .debug_info    0x0002bf6a     0x1ea8 drivers/mtd/spi/libspi_flash.o
 .debug_info    0x0002de12     0x29d2 drivers/net/libnet.o
 .debug_info    0x000307e4     0x20a7 drivers/net/phy/libphy.o
 .debug_info    0x0003288b     0x2977 drivers/serial/libserial.o
 .debug_info    0x00035202     0x1232 drivers/spi/libspi.o
 .debug_info    0x00036434     0x3a4f fs/fat/libfat.o
 .debug_info    0x00039e83     0x4928 lib/libgeneric.o
 .debug_info    0x0003e7ab     0x99aa net/libnet.o
 .debug_info    0x00048155      0x316 /home/goembed/335x/work/u-boot-2013.01.01-psp06.00.00.00/am335x/spl/arch/arm/lib/eabi_compat.o

.debug_abbrev   0x00000000     0xd9e4
 .debug_abbrev  0x00000000       0x14 arch/arm/cpu/armv7/start.o
 .debug_abbrev  0x00000014      0xffb arch/arm/cpu/armv7/am33xx/libam33xx.o
 .debug_abbrev  0x0000100f      0x652 arch/arm/cpu/armv7/libarmv7.o
 .debug_abbrev  0x00001661      0x664 arch/arm/cpu/armv7/omap-common/libomap-common.o
 .debug_abbrev  0x00001cc5      0x979 arch/arm/lib/libarm.o
 .debug_abbrev  0x0000263e      0x58d board/ti/am335x/libam335x.o
 .debug_abbrev  0x00002bcb     0x25b5 common/libcommon.o
 .debug_abbrev  0x00005180      0x8cb common/spl/libspl.o
 .debug_abbrev  0x00005a4b      0x71f disk/libdisk.o
 .debug_abbrev  0x0000616a      0x416 drivers/i2c/libi2c.o
 .debug_abbrev  0x00006580      0xd51 drivers/mmc/libmmc.o
 .debug_abbrev  0x000072d1      0xf59 drivers/mtd/nand/libnand.o
 .debug_abbrev  0x0000822a      0x7ad drivers/mtd/spi/libspi_flash.o
 .debug_abbrev  0x000089d7      0x428 drivers/net/libnet.o
 .debug_abbrev  0x00008dff      0x694 drivers/net/phy/libphy.o
 .debug_abbrev  0x00009493      0x88a drivers/serial/libserial.o
 .debug_abbrev  0x00009d1d      0x436 drivers/spi/libspi.o
 .debug_abbrev  0x0000a153      0x55e fs/fat/libfat.o
 .debug_abbrev  0x0000a6b1     0x14a4 lib/libgeneric.o
 .debug_abbrev  0x0000bb55     0x1d71 net/libnet.o
 .debug_abbrev  0x0000d8c6      0x11e /home/goembed/335x/work/u-boot-2013.01.01-psp06.00.00.00/am335x/spl/arch/arm/lib/eabi_compat.o

.debug_aranges  0x00000000     0x1d08
 .debug_aranges
                0x00000000       0x20 arch/arm/cpu/armv7/start.o
 .debug_aranges
                0x00000020      0x1a0 arch/arm/cpu/armv7/am33xx/libam33xx.o
 .debug_aranges
                0x000001c0      0x110 arch/arm/cpu/armv7/libarmv7.o
 .debug_aranges
                0x000002d0       0xf0 arch/arm/cpu/armv7/omap-common/libomap-common.o
 .debug_aranges
                0x000003c0      0x188 arch/arm/lib/libarm.o
 .debug_aranges
                0x00000548       0xc0 board/ti/am335x/libam335x.o
 .debug_aranges
                0x00000608      0x518 common/libcommon.o
 .debug_aranges
                0x00000b20       0xb8 common/spl/libspl.o
 .debug_aranges
                0x00000bd8       0x98 disk/libdisk.o
 .debug_aranges
                0x00000c70       0x60 drivers/i2c/libi2c.o
 .debug_aranges
                0x00000cd0      0x138 drivers/mmc/libmmc.o
 .debug_aranges
                0x00000e08      0x298 drivers/mtd/nand/libnand.o
 .debug_aranges
                0x000010a0       0xc0 drivers/mtd/spi/libspi_flash.o
 .debug_aranges
                0x00001160       0x98 drivers/net/libnet.o
 .debug_aranges
                0x000011f8       0xd0 drivers/net/phy/libphy.o
 .debug_aranges
                0x000012c8      0x248 drivers/serial/libserial.o
 .debug_aranges
                0x00001510       0x80 drivers/spi/libspi.o
 .debug_aranges
                0x00001590      0x100 fs/fat/libfat.o
 .debug_aranges
                0x00001690      0x320 lib/libgeneric.o
 .debug_aranges
                0x000019b0      0x328 net/libnet.o
 .debug_aranges
                0x00001cd8       0x30 /home/goembed/335x/work/u-boot-2013.01.01-psp06.00.00.00/am335x/spl/arch/arm/lib/eabi_compat.o

.debug_frame    0x00000000     0x4928
 .debug_frame   0x00000000      0x2b0 arch/arm/cpu/armv7/am33xx/libam33xx.o
 .debug_frame   0x000002b0      0x1e8 arch/arm/cpu/armv7/libarmv7.o
 .debug_frame   0x00000498      0x178 arch/arm/cpu/armv7/omap-common/libomap-common.o
 .debug_frame   0x00000610      0x2d4 arch/arm/lib/libarm.o
 .debug_frame   0x000008e4      0x1bc board/ti/am335x/libam335x.o
 .debug_frame   0x00000aa0      0xd68 common/libcommon.o
 .debug_frame   0x00001808      0x13c common/spl/libspl.o
 .debug_frame   0x00001944      0x1b8 disk/libdisk.o
 .debug_frame   0x00001afc      0x118 drivers/i2c/libi2c.o
 .debug_frame   0x00001c14      0x364 drivers/mmc/libmmc.o
 .debug_frame   0x00001f78      0x8d4 drivers/mtd/nand/libnand.o
 .debug_frame   0x0000284c      0x1fc drivers/mtd/spi/libspi_flash.o
 .debug_frame   0x00002a48      0x1f0 drivers/net/libnet.o
 .debug_frame   0x00002c38      0x244 drivers/net/phy/libphy.o
 .debug_frame   0x00002e7c      0x50c drivers/serial/libserial.o
 .debug_frame   0x00003388      0x148 drivers/spi/libspi.o
 .debug_frame   0x000034d0      0x384 fs/fat/libfat.o
 .debug_frame   0x00003854      0x764 lib/libgeneric.o
 .debug_frame   0x00003fb8      0x8f0 net/libnet.o
 .debug_frame   0x000048a8       0x40 /home/goembed/335x/work/u-boot-2013.01.01-psp06.00.00.00/am335x/spl/arch/arm/lib/eabi_compat.o
 .debug_frame   0x000048e8       0x20 /usr/local/toolchain/i686-arago-linux/usr/bin/../lib/gcc/arm-linux-gnueabihf/4.7.3/libgcc.a(_udivsi3.o)
 .debug_frame   0x00004908       0x20 /usr/local/toolchain/i686-arago-linux/usr/bin/../lib/gcc/arm-linux-gnueabihf/4.7.3/libgcc.a(_divsi3.o)

.debug_str      0x00000000     0x9e5b
 .debug_str     0x00000000     0x18e2 arch/arm/cpu/armv7/am33xx/libam33xx.o
                               0x2ea6 (size before relaxing)
 .debug_str     0x000018e2      0x363 arch/arm/cpu/armv7/libarmv7.o
                                0xa85 (size before relaxing)
 .debug_str     0x00001c45      0x237 arch/arm/cpu/armv7/omap-common/libomap-common.o
                                0xac3 (size before relaxing)
 .debug_str     0x00001e7c      0x396 arch/arm/lib/libarm.o
                               0x1167 (size before relaxing)
 .debug_str     0x00002212      0xf47 board/ti/am335x/libam335x.o
                               0x197b (size before relaxing)
 .debug_str     0x00003159     0x242e common/libcommon.o
                               0x4c04 (size before relaxing)
 .debug_str     0x00005587      0x24f common/spl/libspl.o
                               0x11e6 (size before relaxing)
 .debug_str     0x000057d6      0x380 disk/libdisk.o
                                0xa4e (size before relaxing)
 .debug_str     0x00005b56      0x1c7 drivers/i2c/libi2c.o
                                0x53a (size before relaxing)
 .debug_str     0x00005d1d      0x548 drivers/mmc/libmmc.o
                               0x1413 (size before relaxing)
 .debug_str     0x00006265      0xf21 drivers/mtd/nand/libnand.o
                               0x2e21 (size before relaxing)
 .debug_str     0x00007186      0x2cb drivers/mtd/spi/libspi_flash.o
                                0xbe7 (size before relaxing)
 .debug_str     0x00007451      0x66c drivers/net/libnet.o
                                0xd24 (size before relaxing)
 .debug_str     0x00007abd      0x1ea drivers/net/phy/libphy.o
                                0xac6 (size before relaxing)
 .debug_str     0x00007ca7      0x5bc drivers/serial/libserial.o
                                0xfa7 (size before relaxing)
 .debug_str     0x00008263      0x14e drivers/spi/libspi.o
                                0x42c (size before relaxing)
 .debug_str     0x000083b1      0x6ab fs/fat/libfat.o
                                0xb1f (size before relaxing)
 .debug_str     0x00008a5c      0x3b4 lib/libgeneric.o
                               0x1a27 (size before relaxing)
 .debug_str     0x00008e10     0x1002 net/libnet.o
                               0x5175 (size before relaxing)
 .debug_str     0x00009e12       0x49 /home/goembed/335x/work/u-boot-2013.01.01-psp06.00.00.00/am335x/spl/arch/arm/lib/eabi_compat.o
                                0x271 (size before relaxing)

.debug_loc      0x00000000    0x231e8
 .debug_loc     0x00000000     0x1677 arch/arm/cpu/armv7/am33xx/libam33xx.o
 .debug_loc     0x00001677      0x6d5 arch/arm/cpu/armv7/libarmv7.o
 .debug_loc     0x00001d4c      0x2e9 arch/arm/cpu/armv7/omap-common/libomap-common.o
 .debug_loc     0x00002035      0x688 arch/arm/lib/libarm.o
 .debug_loc     0x000026bd      0x614 board/ti/am335x/libam335x.o
 .debug_loc     0x00002cd1     0x627f common/libcommon.o
 .debug_loc     0x00008f50      0x372 common/spl/libspl.o
 .debug_loc     0x000092c2      0xff6 disk/libdisk.o
 .debug_loc     0x0000a2b8      0xafd drivers/i2c/libi2c.o
 .debug_loc     0x0000adb5     0x2312 drivers/mmc/libmmc.o
 .debug_loc     0x0000d0c7     0x59ab drivers/mtd/nand/libnand.o
 .debug_loc     0x00012a72      0xeb1 drivers/mtd/spi/libspi_flash.o
 .debug_loc     0x00013923     0x1666 drivers/net/libnet.o
 .debug_loc     0x00014f89     0x10b3 drivers/net/phy/libphy.o
 .debug_loc     0x0001603c      0x867 drivers/serial/libserial.o
 .debug_loc     0x000168a3      0xbca drivers/spi/libspi.o
 .debug_loc     0x0001746d     0x3f3d fs/fat/libfat.o
 .debug_loc     0x0001b3aa     0x3cc2 lib/libgeneric.o
 .debug_loc     0x0001f06c     0x415b net/libnet.o
 .debug_loc     0x000231c7       0x21 /home/goembed/335x/work/u-boot-2013.01.01-psp06.00.00.00/am335x/spl/arch/arm/lib/eabi_compat.o

.debug_ranges   0x00000000     0x4558
 .debug_ranges  0x00000000      0x410 arch/arm/cpu/armv7/am33xx/libam33xx.o
 .debug_ranges  0x00000410      0x120 arch/arm/cpu/armv7/libarmv7.o
 .debug_ranges  0x00000530       0xc0 arch/arm/cpu/armv7/omap-common/libomap-common.o
 .debug_ranges  0x000005f0      0x118 arch/arm/lib/libarm.o
 .debug_ranges  0x00000708      0x100 board/ti/am335x/libam335x.o
 .debug_ranges  0x00000808      0x7d0 common/libcommon.o
 .debug_ranges  0x00000fd8       0x78 common/spl/libspl.o
 .debug_ranges  0x00001050      0x1d8 disk/libdisk.o
 .debug_ranges  0x00001228      0x2d0 drivers/i2c/libi2c.o
 .debug_ranges  0x000014f8      0x4e8 drivers/mmc/libmmc.o
 .debug_ranges  0x000019e0      0x710 drivers/mtd/nand/libnand.o
 .debug_ranges  0x000020f0      0x170 drivers/mtd/spi/libspi_flash.o
 .debug_ranges  0x00002260      0x7d8 drivers/net/libnet.o
 .debug_ranges  0x00002a38      0x258 drivers/net/phy/libphy.o
 .debug_ranges  0x00002c90      0x4e8 drivers/serial/libserial.o
 .debug_ranges  0x00003178      0x168 drivers/spi/libspi.o
 .debug_ranges  0x000032e0      0x458 fs/fat/libfat.o
 .debug_ranges  0x00003738      0x4c0 lib/libgeneric.o
 .debug_ranges  0x00003bf8      0x940 net/libnet.o
 .debug_ranges  0x00004538       0x20 /home/goembed/335x/work/u-boot-2013.01.01-psp06.00.00.00/am335x/spl/arch/arm/lib/eabi_compat.o
